
> bilderfuerst-storefront@0.1.0 build
> next build

▲ Next.js 16.3.8 (Turbopack)
✓ Running next.config.ts took 11ms

  Creating an optimized production build ...
✓ Compiled successfully in 1310ms
  Running TypeScript ...
  Finished TypeScript in 1393ms ...
  Collecting page data using 9 workers ...
  Generating static pages using 9 workers (0/14) ...
  Generating static pages using 9 workers (3/14) 
  Generating static pages using 9 workers (6/14) 
  Generating static pages using 9 workers (10/14) 
✓ Generating static pages using 9 workers (14/14) in 227ms
  Finalizing page optimization ...

Route (app)
┌ ○ /
├ ○ /_not-found
├ ƒ /c/[...slug]
├ ○ /cart
├ ○ /checkout
├ ○ /digitalisierung
├ ○ /filmentwicklung
├ ○ /galerie
├ ○ /geschichte
├ ƒ /i/[slug]
├ ○ /icon.svg
├ ○ /kontakt
├ ƒ /l/[slug]
├ ○ /lab
├ ƒ /p/[slug]
├ ○ /services
└ ƒ /shop


○  (Static)   prerendered as static content
ƒ  (Dynamic)  server-rendered on demand

